components/workspace/remote-camera-modal.tsx(224,25): error TS2367: This comparison appears to be unintentional because the types '"closed" | "have-local-offer" | "have-local-pranswer" | "have-remote-offer" | "have-remote-pranswer"' and '"stable"' have no overlap.
